Release 13.3 Map O.76xd (nt64)
Xilinx Map Application Log File for Design 'mig_36_1'

Design Information
------------------
Command Line   : map -intstyle ise -p xc5vlx110t-ff1136-1 -w -logic_opt off -ol
high -t 1 -register_duplication off -global_opt off -mt off -cm area -ir off -pr
off -lc off -power off -o mig_36_1_map.ncd mig_36_1.ngd mig_36_1.pcf 
Target Device  : xc5vlx110t
Target Package : ff1136
Target Speed   : -1
Mapper Version : virtex5 -- $Revision: 1.55 $
Mapped Date    : Wed Nov 27 13:40:14 2013

Mapping design into LUTs...
WARNING:Pack:2874 - Trimming timing constraints from pin
   u_ddr2_tb_top_0/u_tb_test_gen/u_addr_gen/u_wr_rd_addr_lookup
   of frag REGCLKBU connected to power/ground net
   u_ddr2_tb_top_0/u_tb_test_gen/u_addr_gen/u_wr_rd_addr_lookup_REGCLKBU_tiesig
WARNING:Pack:2874 - Trimming timing constraints from pin
   u_ddr2_tb_top_0/u_tb_test_gen/u_addr_gen/u_wr_rd_addr_lookup
   of frag REGCLKBL connected to power/ground net
   u_ddr2_tb_top_0/u_tb_test_gen/u_addr_gen/u_wr_rd_addr_lookup_REGCLKBL_tiesig
Running directed packing...
Running delay-based LUT packing...
Updating timing models...
WARNING:Timing:3223 - Timing constraint TS_MC_PHY_INIT_DATA_SEL_90 = MAXDELAY
   FROM TIMEGRP "TNM_PHY_INIT_DATA_SEL" TO TIMEGRP "RAMS" TS_SYS_CLK * 4 ignored
   during timing analysis.
INFO:Map:215 - The Interim Design Summary has been generated in the MAP Report
   (.mrp).
Running timing-driven placement...
Total REAL time at the beginning of Placer: 25 secs 
Total CPU  time at the beginning of Placer: 21 secs 

Phase 1.1  Initial Placement Analysis
Phase 1.1  Initial Placement Analysis (Checksum:db45e889) REAL time: 31 secs 

Phase 2.7  Design Feasibility Check
WARNING:Place:837 - Partially locked IO Bus is found. 
    Following components of the bus are not locked: 
   	 Comp: LED<7>
   	 Comp: LED<6>

WARNING:Place:838 - An IO Bus with more than one IO standard is found.
   Components associated with this bus are as follows: 
   	 Comp: LED<0>   IOSTANDARD = LVDCI_18
   	 Comp: LED<1>   IOSTANDARD = LVDCI_18
   	 Comp: LED<2>   IOSTANDARD = LVDCI_18
   	 Comp: LED<3>   IOSTANDARD = LVCMOS12
   	 Comp: LED<4>   IOSTANDARD = LVDCI_18
   	 Comp: LED<5>   IOSTANDARD = LVCMOS12
   	 Comp: LED<6>   IOSTANDARD = LVCMOS25
   	 Comp: LED<7>   IOSTANDARD = LVCMOS25


INFO:Place:834 - Only a subset of IOs are locked. Out of 128 IOs, 126 are locked
   and 2 are not locked. If you would like to print the names of these IOs,
   please set the environment variable XIL_PAR_DESIGN_CHECK_VERBOSE to 1. 
Phase 2.7  Design Feasibility Check (Checksum:db45e889) REAL time: 32 secs 

Phase 3.31  Local Placement Optimization
Phase 3.31  Local Placement Optimization (Checksum:21a42eb9) REAL time: 32 secs 

Phase 4.37  Local Placement Optimization
Phase 4.37  Local Placement Optimization (Checksum:d0c4d679) REAL time: 32 secs 

Phase 5.33  Local Placement Optimization
Phase 5.33  Local Placement Optimization (Checksum:d0c4d679) REAL time: 43 secs 

Phase 6.32  Local Placement Optimization
Phase 6.32  Local Placement Optimization (Checksum:d0c4d679) REAL time: 44 secs 

Phase 7.2  Initial Clock and IO Placement
..
.....


There are 16 clock regions on the target FPGA device:
|------------------------------------------|------------------------------------------|
| CLOCKREGION_X0Y7:                        | CLOCKREGION_X1Y7:                        |
|   2 BUFRs available, 0 in use            |   2 BUFRs available, 0 in use            |
|   4 Regional Clock Spines, 0 in use      |   4 Regional Clock Spines, 0 in use      |
|   4 edge BUFIOs available, 3 in use      |   4 edge BUFIOs available, 0 in use      |
|   4 center BUFIOs available, 0 in use    |   0 center BUFIOs available, 0 in use    |
|                                          |                                          |
|------------------------------------------|------------------------------------------|
| CLOCKREGION_X0Y6:                        | CLOCKREGION_X1Y6:                        |
|   2 BUFRs available, 0 in use            |   2 BUFRs available, 0 in use            |
|   4 Regional Clock Spines, 0 in use      |   4 Regional Clock Spines, 0 in use      |
|   4 edge BUFIOs available, 3 in use      |   4 edge BUFIOs available, 0 in use      |
|   0 center BUFIOs available, 0 in use    |   0 center BUFIOs available, 0 in use    |
|                                          |                                          |
|------------------------------------------|------------------------------------------|
| CLOCKREGION_X0Y5:                        | CLOCKREGION_X1Y5:                        |
|   2 BUFRs available, 0 in use            |   2 BUFRs available, 0 in use            |
|   4 Regional Clock Spines, 0 in use      |   4 Regional Clock Spines, 0 in use      |
|   4 edge BUFIOs available, 2 in use      |   4 edge BUFIOs available, 0 in use      |
|   2 center BUFIOs available, 0 in use    |   0 center BUFIOs available, 0 in use    |
|                                          |                                          |
|------------------------------------------|------------------------------------------|
| CLOCKREGION_X0Y4:                        | CLOCKREGION_X1Y4:                        |
|   2 BUFRs available, 0 in use            |   2 BUFRs available, 0 in use            |
|   4 Regional Clock Spines, 0 in use      |   4 Regional Clock Spines, 0 in use      |
|   4 edge BUFIOs available, 0 in use      |   4 edge BUFIOs available, 0 in use      |
|   2 center BUFIOs available, 0 in use    |   0 center BUFIOs available, 0 in use    |
|                                          |                                          |
|------------------------------------------|------------------------------------------|
| CLOCKREGION_X0Y3:                        | CLOCKREGION_X1Y3:                        |
|   2 BUFRs available, 0 in use            |   2 BUFRs available, 0 in use            |
|   4 Regional Clock Spines, 0 in use      |   4 Regional Clock Spines, 0 in use      |
|   4 edge BUFIOs available, 0 in use      |   4 edge BUFIOs available, 0 in use      |
|   2 center BUFIOs available, 0 in use    |   0 center BUFIOs available, 0 in use    |
|                                          |                                          |
|------------------------------------------|------------------------------------------|
| CLOCKREGION_X0Y2:                        | CLOCKREGION_X1Y2:                        |
|   2 BUFRs available, 0 in use            |   2 BUFRs available, 0 in use            |
|   4 Regional Clock Spines, 0 in use      |   4 Regional Clock Spines, 0 in use      |
|   4 edge BUFIOs available, 0 in use      |   4 edge BUFIOs available, 0 in use      |
|   2 center BUFIOs available, 0 in use    |   0 center BUFIOs available, 0 in use    |
|                                          |                                          |
|------------------------------------------|------------------------------------------|
| CLOCKREGION_X0Y1:                        | CLOCKREGION_X1Y1:                        |
|   2 BUFRs available, 0 in use            |   2 BUFRs available, 0 in use            |
|   4 Regional Clock Spines, 0 in use      |   4 Regional Clock Spines, 0 in use      |
|   4 edge BUFIOs available, 0 in use      |   4 edge BUFIOs available, 0 in use      |
|   0 center BUFIOs available, 0 in use    |   0 center BUFIOs available, 0 in use    |
|                                          |                                          |
|------------------------------------------|------------------------------------------|
| CLOCKREGION_X0Y0:                        | CLOCKREGION_X1Y0:                        |
|   2 BUFRs available, 0 in use            |   2 BUFRs available, 0 in use            |
|   4 Regional Clock Spines, 0 in use      |   4 Regional Clock Spines, 0 in use      |
|   4 edge BUFIOs available, 0 in use      |   4 edge BUFIOs available, 0 in use      |
|   4 center BUFIOs available, 0 in use    |   0 center BUFIOs available, 0 in use    |
|                                          |                                          |
|------------------------------------------|------------------------------------------|


Clock-Region: <CLOCKREGION_X0Y5>
  key resource utilizations (used/available): edge-bufios - 2/4; center-bufios - 0/2; bufrs - 0/2; regional-clock-spines - 0/4
|-----------------------------------------------------------------------------------------------------------------------------------------------------------
|       |    clock    | BRAM |     |    |        |        |       |       |       |      |      |     |      |
|       |    region   | FIFO | DCM | GT | ILOGIC | OLOGIC |   FF  |  LUTM |  LUTL | MULT | EMAC | PPC | PCIe | <- (Types of Resources in Clock Region)
|-------|-------------|------|-----|----|--------|--------|-------|-------|-------|------|------|-----|------|----------------------------------------------
|       | Upper Region|  16  |  4  |  0 |   40   |   40   |  3840 |  2080 |  5600 |   8  |   0  |  0  |   0  | <- Available resources in the upper region
|-------|-------------|------|-----|----|--------|--------|-------|-------|-------|------|------|-----|------|----------------------------------------------
|       |CurrentRegion|  16  |  2  |  0 |   60   |   60   |  3840 |  2080 |  5600 |   8  |   0  |  0  |   0  | <- Available resources in the current region
|-------|-------------|------|-----|----|--------|--------|-------|-------|-------|------|------|-----|------|----------------------------------------------
|       | Lower Region|  16  |  0  |  0 |   60   |   60   |  3840 |  2080 |  5600 |   8  |   0  |  0  |   0  | <- Available resources in the lower region
|-------|-------------|------|-----|----|--------|--------|-------|-------|-------|------|------|-----|------|----------------------------------------------
| clock |    region   |                                                                                      -----------------------------------------------
|  type |  expansion  |                                                                                      | <IO/Regional clock Net Name>
|-------|-------------|------|-----|----|--------|--------|-------|-------|-------|------|------|-----|------|----------------------------------------------
| BUFIO |             |   0  |  0  |  0 |    9   |    0   |     0 |     0 |     0 |   0  |   0  |  0  |   0  | "u_ddr2_top_0/u_mem_if_top/u_phy_top/u_phy_io/delayed_dqs<7>"
|-------|-------------|------|-----|----|--------|--------|-------|-------|-------|------|------|-----|------|----------------------------------------------
| BUFIO |             |   0  |  0  |  0 |    9   |    0   |     0 |     0 |     0 |   0  |   0  |  0  |   0  | "u_ddr2_top_0/u_mem_if_top/u_phy_top/u_phy_io/delayed_dqs<6>"
|-------|-------------|------|-----|----|--------|--------|-------|-------|-------|------|------|-----|------|----------------------------------------------


Clock-Region: <CLOCKREGION_X0Y6>
  key resource utilizations (used/available): edge-bufios - 3/4; bufrs - 0/2; regional-clock-spines - 0/4
|-----------------------------------------------------------------------------------------------------------------------------------------------------------
|       |    clock    | BRAM |     |    |        |        |       |       |       |      |      |     |      |
|       |    region   | FIFO | DCM | GT | ILOGIC | OLOGIC |   FF  |  LUTM |  LUTL | MULT | EMAC | PPC | PCIe | <- (Types of Resources in Clock Region)
|-------|-------------|------|-----|----|--------|--------|-------|-------|-------|------|------|-----|------|----------------------------------------------
|       | Upper Region|  16  |  0  |  0 |   80   |   80   |  3840 |  2080 |  5600 |   8  |   0  |  0  |   0  | <- Available resources in the upper region
|-------|-------------|------|-----|----|--------|--------|-------|-------|-------|------|------|-----|------|----------------------------------------------
|       |CurrentRegion|  16  |  4  |  0 |   40   |   40   |  3840 |  2080 |  5600 |   8  |   0  |  0  |   0  | <- Available resources in the current region
|-------|-------------|------|-----|----|--------|--------|-------|-------|-------|------|------|-----|------|----------------------------------------------
|       | Lower Region|  16  |  2  |  0 |   60   |   60   |  3840 |  2080 |  5600 |   8  |   0  |  0  |   0  | <- Available resources in the lower region
|-------|-------------|------|-----|----|--------|--------|-------|-------|-------|------|------|-----|------|----------------------------------------------
| clock |    region   |                                                                                      -----------------------------------------------
|  type |  expansion  |                                                                                      | <IO/Regional clock Net Name>
|-------|-------------|------|-----|----|--------|--------|-------|-------|-------|------|------|-----|------|----------------------------------------------
| BUFIO |             |   0  |  0  |  0 |    9   |    0   |     0 |     0 |     0 |   0  |   0  |  0  |   0  | "u_ddr2_top_0/u_mem_if_top/u_phy_top/u_phy_io/delayed_dqs<4>"
|-------|-------------|------|-----|----|--------|--------|-------|-------|-------|------|------|-----|------|----------------------------------------------
| BUFIO |             |   0  |  0  |  0 |    9   |    0   |     0 |     0 |     0 |   0  |   0  |  0  |   0  | "u_ddr2_top_0/u_mem_if_top/u_phy_top/u_phy_io/delayed_dqs<5>"
|-------|-------------|------|-----|----|--------|--------|-------|-------|-------|------|------|-----|------|----------------------------------------------
| BUFIO |             |   0  |  0  |  0 |    9   |    0   |     0 |     0 |     0 |   0  |   0  |  0  |   0  | "u_ddr2_top_0/u_mem_if_top/u_phy_top/u_phy_io/delayed_dqs<3>"
|-------|-------------|------|-----|----|--------|--------|-------|-------|-------|------|------|-----|------|----------------------------------------------


Clock-Region: <CLOCKREGION_X0Y7>
  key resource utilizations (used/available): edge-bufios - 3/4; center-bufios - 0/4; bufrs - 0/2; regional-clock-spines - 0/4
|-----------------------------------------------------------------------------------------------------------------------------------------------------------
|       |    clock    | BRAM |     |    |        |        |       |       |       |      |      |     |      |
|       |    region   | FIFO | DCM | GT | ILOGIC | OLOGIC |   FF  |  LUTM |  LUTL | MULT | EMAC | PPC | PCIe | <- (Types of Resources in Clock Region)
|-------|-------------|------|-----|----|--------|--------|-------|-------|-------|------|------|-----|------|----------------------------------------------
|       |CurrentRegion|  16  |  0  |  0 |   80   |   80   |  3840 |  2080 |  5600 |   8  |   0  |  0  |   0  | <- Available resources in the current region
|-------|-------------|------|-----|----|--------|--------|-------|-------|-------|------|------|-----|------|----------------------------------------------
|       | Lower Region|  16  |  4  |  0 |   40   |   40   |  3840 |  2080 |  5600 |   8  |   0  |  0  |   0  | <- Available resources in the lower region
|-------|-------------|------|-----|----|--------|--------|-------|-------|-------|------|------|-----|------|----------------------------------------------
| clock |    region   |                                                                                      -----------------------------------------------
|  type |  expansion  |                                                                                      | <IO/Regional clock Net Name>
|-------|-------------|------|-----|----|--------|--------|-------|-------|-------|------|------|-----|------|----------------------------------------------
| BUFIO |             |   0  |  0  |  0 |    9   |    0   |     0 |     0 |     0 |   0  |   0  |  0  |   0  | "u_ddr2_top_0/u_mem_if_top/u_phy_top/u_phy_io/delayed_dqs<0>"
|-------|-------------|------|-----|----|--------|--------|-------|-------|-------|------|------|-----|------|----------------------------------------------
| BUFIO |             |   0  |  0  |  0 |    9   |    0   |     0 |     0 |     0 |   0  |   0  |  0  |   0  | "u_ddr2_top_0/u_mem_if_top/u_phy_top/u_phy_io/delayed_dqs<1>"
|-------|-------------|------|-----|----|--------|--------|-------|-------|-------|------|------|-----|------|----------------------------------------------
| BUFIO |             |   0  |  0  |  0 |    9   |    0   |     0 |     0 |     0 |   0  |   0  |  0  |   0  | "u_ddr2_top_0/u_mem_if_top/u_phy_top/u_phy_io/delayed_dqs<2>"
|-------|-------------|------|-----|----|--------|--------|-------|-------|-------|------|------|-----|------|----------------------------------------------




######################################################################################
# REGIONAL CLOCKING RESOURCE DISTRIBUTION UCF REPORT:
#
# Number of Regional Clocking Regions in the device: 16  (4 clock spines in each)
# Number of Regional Clock Networks used in this design: 8 (each network can be
# composed of up to 3 clock spines and cover up to 3 regional clock regions)
# 
######################################################################################

# IO-Clock "u_ddr2_top_0/u_mem_if_top/u_phy_top/u_phy_io/delayed_dqs<7>" driven by "BUFIO_X0Y22"
INST "u_ddr2_top_0/u_mem_if_top/u_phy_top/u_phy_io/gen_dqs[7].u_iob_dqs/u_bufio_dqs" LOC = "BUFIO_X0Y22" ;
NET "u_ddr2_top_0/u_mem_if_top/u_phy_top/u_phy_io/delayed_dqs<7>" TNM_NET =
"TN_u_ddr2_top_0/u_mem_if_top/u_phy_top/u_phy_io/delayed_dqs<7>" ;
TIMEGRP "TN_u_ddr2_top_0/u_mem_if_top/u_phy_top/u_phy_io/delayed_dqs<7>" AREA_GROUP =
"CLKAG_u_ddr2_top_0/u_mem_if_top/u_phy_top/u_phy_io/delayed_dqs<7>" ;
AREA_GROUP "CLKAG_u_ddr2_top_0/u_mem_if_top/u_phy_top/u_phy_io/delayed_dqs<7>" RANGE = CLOCKREGION_X0Y5;


# IO-Clock "u_ddr2_top_0/u_mem_if_top/u_phy_top/u_phy_io/delayed_dqs<0>" driven by "BUFIO_X0Y31"
INST "u_ddr2_top_0/u_mem_if_top/u_phy_top/u_phy_io/gen_dqs[0].u_iob_dqs/u_bufio_dqs" LOC = "BUFIO_X0Y31" ;
NET "u_ddr2_top_0/u_mem_if_top/u_phy_top/u_phy_io/delayed_dqs<0>" TNM_NET =
"TN_u_ddr2_top_0/u_mem_if_top/u_phy_top/u_phy_io/delayed_dqs<0>" ;
TIMEGRP "TN_u_ddr2_top_0/u_mem_if_top/u_phy_top/u_phy_io/delayed_dqs<0>" AREA_GROUP =
"CLKAG_u_ddr2_top_0/u_mem_if_top/u_phy_top/u_phy_io/delayed_dqs<0>" ;
AREA_GROUP "CLKAG_u_ddr2_top_0/u_mem_if_top/u_phy_top/u_phy_io/delayed_dqs<0>" RANGE = CLOCKREGION_X0Y7;


# IO-Clock "u_ddr2_top_0/u_mem_if_top/u_phy_top/u_phy_io/delayed_dqs<4>" driven by "BUFIO_X0Y26"
INST "u_ddr2_top_0/u_mem_if_top/u_phy_top/u_phy_io/gen_dqs[4].u_iob_dqs/u_bufio_dqs" LOC = "BUFIO_X0Y26" ;
NET "u_ddr2_top_0/u_mem_if_top/u_phy_top/u_phy_io/delayed_dqs<4>" TNM_NET =
"TN_u_ddr2_top_0/u_mem_if_top/u_phy_top/u_phy_io/delayed_dqs<4>" ;
TIMEGRP "TN_u_ddr2_top_0/u_mem_if_top/u_phy_top/u_phy_io/delayed_dqs<4>" AREA_GROUP =
"CLKAG_u_ddr2_top_0/u_mem_if_top/u_phy_top/u_phy_io/delayed_dqs<4>" ;
AREA_GROUP "CLKAG_u_ddr2_top_0/u_mem_if_top/u_phy_top/u_phy_io/delayed_dqs<4>" RANGE = CLOCKREGION_X0Y6;


# IO-Clock "u_ddr2_top_0/u_mem_if_top/u_phy_top/u_phy_io/delayed_dqs<1>" driven by "BUFIO_X0Y30"
INST "u_ddr2_top_0/u_mem_if_top/u_phy_top/u_phy_io/gen_dqs[1].u_iob_dqs/u_bufio_dqs" LOC = "BUFIO_X0Y30" ;
NET "u_ddr2_top_0/u_mem_if_top/u_phy_top/u_phy_io/delayed_dqs<1>" TNM_NET =
"TN_u_ddr2_top_0/u_mem_if_top/u_phy_top/u_phy_io/delayed_dqs<1>" ;
TIMEGRP "TN_u_ddr2_top_0/u_mem_if_top/u_phy_top/u_phy_io/delayed_dqs<1>" AREA_GROUP =
"CLKAG_u_ddr2_top_0/u_mem_if_top/u_phy_top/u_phy_io/delayed_dqs<1>" ;
AREA_GROUP "CLKAG_u_ddr2_top_0/u_mem_if_top/u_phy_top/u_phy_io/delayed_dqs<1>" RANGE = CLOCKREGION_X0Y7;


# IO-Clock "u_ddr2_top_0/u_mem_if_top/u_phy_top/u_phy_io/delayed_dqs<5>" driven by "BUFIO_X0Y24"
INST "u_ddr2_top_0/u_mem_if_top/u_phy_top/u_phy_io/gen_dqs[5].u_iob_dqs/u_bufio_dqs" LOC = "BUFIO_X0Y24" ;
NET "u_ddr2_top_0/u_mem_if_top/u_phy_top/u_phy_io/delayed_dqs<5>" TNM_NET =
"TN_u_ddr2_top_0/u_mem_if_top/u_phy_top/u_phy_io/delayed_dqs<5>" ;
TIMEGRP "TN_u_ddr2_top_0/u_mem_if_top/u_phy_top/u_phy_io/delayed_dqs<5>" AREA_GROUP =
"CLKAG_u_ddr2_top_0/u_mem_if_top/u_phy_top/u_phy_io/delayed_dqs<5>" ;
AREA_GROUP "CLKAG_u_ddr2_top_0/u_mem_if_top/u_phy_top/u_phy_io/delayed_dqs<5>" RANGE = CLOCKREGION_X0Y6;


# IO-Clock "u_ddr2_top_0/u_mem_if_top/u_phy_top/u_phy_io/delayed_dqs<2>" driven by "BUFIO_X0Y28"
INST "u_ddr2_top_0/u_mem_if_top/u_phy_top/u_phy_io/gen_dqs[2].u_iob_dqs/u_bufio_dqs" LOC = "BUFIO_X0Y28" ;
NET "u_ddr2_top_0/u_mem_if_top/u_phy_top/u_phy_io/delayed_dqs<2>" TNM_NET =
"TN_u_ddr2_top_0/u_mem_if_top/u_phy_top/u_phy_io/delayed_dqs<2>" ;
TIMEGRP "TN_u_ddr2_top_0/u_mem_if_top/u_phy_top/u_phy_io/delayed_dqs<2>" AREA_GROUP =
"CLKAG_u_ddr2_top_0/u_mem_if_top/u_phy_top/u_phy_io/delayed_dqs<2>" ;
AREA_GROUP "CLKAG_u_ddr2_top_0/u_mem_if_top/u_phy_top/u_phy_io/delayed_dqs<2>" RANGE = CLOCKREGION_X0Y7;


# IO-Clock "u_ddr2_top_0/u_mem_if_top/u_phy_top/u_phy_io/delayed_dqs<6>" driven by "BUFIO_X0Y23"
INST "u_ddr2_top_0/u_mem_if_top/u_phy_top/u_phy_io/gen_dqs[6].u_iob_dqs/u_bufio_dqs" LOC = "BUFIO_X0Y23" ;
NET "u_ddr2_top_0/u_mem_if_top/u_phy_top/u_phy_io/delayed_dqs<6>" TNM_NET =
"TN_u_ddr2_top_0/u_mem_if_top/u_phy_top/u_phy_io/delayed_dqs<6>" ;
TIMEGRP "TN_u_ddr2_top_0/u_mem_if_top/u_phy_top/u_phy_io/delayed_dqs<6>" AREA_GROUP =
"CLKAG_u_ddr2_top_0/u_mem_if_top/u_phy_top/u_phy_io/delayed_dqs<6>" ;
AREA_GROUP "CLKAG_u_ddr2_top_0/u_mem_if_top/u_phy_top/u_phy_io/delayed_dqs<6>" RANGE = CLOCKREGION_X0Y5;


# IO-Clock "u_ddr2_top_0/u_mem_if_top/u_phy_top/u_phy_io/delayed_dqs<3>" driven by "BUFIO_X0Y27"
INST "u_ddr2_top_0/u_mem_if_top/u_phy_top/u_phy_io/gen_dqs[3].u_iob_dqs/u_bufio_dqs" LOC = "BUFIO_X0Y27" ;
NET "u_ddr2_top_0/u_mem_if_top/u_phy_top/u_phy_io/delayed_dqs<3>" TNM_NET =
"TN_u_ddr2_top_0/u_mem_if_top/u_phy_top/u_phy_io/delayed_dqs<3>" ;
TIMEGRP "TN_u_ddr2_top_0/u_mem_if_top/u_phy_top/u_phy_io/delayed_dqs<3>" AREA_GROUP =
"CLKAG_u_ddr2_top_0/u_mem_if_top/u_phy_top/u_phy_io/delayed_dqs<3>" ;
AREA_GROUP "CLKAG_u_ddr2_top_0/u_mem_if_top/u_phy_top/u_phy_io/delayed_dqs<3>" RANGE = CLOCKREGION_X0Y6;


Phase 7.2  Initial Clock and IO Placement (Checksum:a398b279) REAL time: 46 secs 

Phase 8.36  Local Placement Optimization
Phase 8.36  Local Placement Optimization (Checksum:a398b279) REAL time: 46 secs 

Phase 9.30  Global Clock Region Assignment
Phase 9.30  Global Clock Region Assignment (Checksum:a398b279) REAL time: 46 secs 

Phase 10.3  Local Placement Optimization
..
Phase 10.3  Local Placement Optimization (Checksum:a56246df) REAL time: 47 secs 

Phase 11.5  Local Placement Optimization
Phase 11.5  Local Placement Optimization (Checksum:9223574f) REAL time: 47 secs 

Phase 12.8  Global Placement
........................................
...............................................
.............................
............................................
.....................................
................
Phase 12.8  Global Placement (Checksum:b7e0d440) REAL time: 58 secs 

Phase 13.29  Local Placement Optimization
Phase 13.29  Local Placement Optimization (Checksum:b7e0d440) REAL time: 58 secs 

Phase 14.5  Local Placement Optimization
Phase 14.5  Local Placement Optimization (Checksum:b7e0d440) REAL time: 58 secs 

Phase 15.18  Placement Optimization
Phase 15.18  Placement Optimization (Checksum:3344f442) REAL time: 1 mins 17 secs 

Phase 16.5  Local Placement Optimization
Phase 16.5  Local Placement Optimization (Checksum:3344f442) REAL time: 1 mins 17 secs 

Phase 17.34  Placement Validation
Phase 17.34  Placement Validation (Checksum:3344f442) REAL time: 1 mins 17 secs 

Total REAL time to Placer completion: 1 mins 18 secs 
Total CPU  time to Placer completion: 1 mins 7 secs 
Running post-placement packing...
Writing output files...

Design Summary
--------------

Design Summary:
Number of errors:      0
Number of warnings:    5
Slice Logic Utilization:
  Number of Slice Registers:                 2,805 out of  69,120    4%
    Number used as Flip Flops:               2,805
  Number of Slice LUTs:                      1,814 out of  69,120    2%
    Number used as logic:                    1,759 out of  69,120    2%
      Number using O6 output only:           1,724
      Number using O5 output only:              11
      Number using O5 and O6:                   24
    Number used as Memory:                      54 out of  17,920    1%
      Number used as Shift Register:            54
        Number using O6 output only:            54
    Number used as exclusive route-thru:         1
  Number of route-thrus:                        12
    Number using O6 output only:                12

Slice Logic Distribution:
  Number of occupied Slices:                 1,359 out of  17,280    7%
  Number of LUT Flip Flop pairs used:        3,462
    Number with an unused Flip Flop:           657 out of   3,462   18%
    Number with an unused LUT:               1,648 out of   3,462   47%
    Number of fully used LUT-FF pairs:       1,157 out of   3,462   33%
    Number of unique control sets:             305
    Number of slice register sites lost
      to control set restrictions:             725 out of  69,120    1%

  A LUT Flip Flop pair for this architecture represents one LUT paired with
  one Flip Flop within a slice.  A control set is a unique combination of
  clock, reset, set, and enable signals for a registered element.
  The Slice Logic Distribution report is not meaningful if the design is
  over-mapped for a non-slice resource or if Placement fails.
  OVERMAPPING of BRAM resources should be ignored if the design is
  over-mapped for a non-BRAM resource or if placement fails.

IO Utilization:
  Number of bonded IOBs:                       128 out of     640   20%
    Number of LOCed IOBs:                      126 out of     128   98%
    IOB Flip Flops:                            265

Specific Feature Utilization:
  Number of BlockRAM/FIFO:                       4 out of     148    2%
    Number using BlockRAM only:                  1
    Number using FIFO only:                      3
    Total primitives used:
      Number of 36k BlockRAM used:               1
      Number of 36k FIFO used:                   3
    Total Memory used (KB):                    144 out of   5,328    2%
  Number of BUFG/BUFGCTRLs:                      4 out of      32   12%
    Number used as BUFGs:                        4
  Number of IDELAYCTRLs:                         3 out of      22   13%
  Number of BUFIOs:                              8 out of      80   10%
  Number of PLL_ADVs:                            1 out of       6   16%

Average Fanout of Non-Clock Nets:                2.77

Peak Memory Usage:  661 MB
Total REAL time to MAP completion:  1 mins 22 secs 
Total CPU time to MAP completion:   1 mins 12 secs 

Mapping completed.
See MAP report file "mig_36_1_map.mrp" for details.
